// Jest Snapshot v1, https://goo.gl/fbAQLP

exports[`should render ExpenseList with expenses 1`] = `
<div>
  <ExpenseListItem
    amount={150000}
    createdAt={0}
    description="rent"
    id="1"
    key="1"
    note=""
  />
  <ExpenseListItem
    amount={1000}
    createdAt={-345600000}
    description="tea"
    id="2"
    key="2"
    note=""
  />
  <ExpenseListItem
    amount={13500}
    createdAt={345600000}
    description="course"
    id="3"
    key="3"
    note="udemy"
  />
</div>
`;

exports[`should render ExpenseList with no expenses message 1`] = `
<div>
  <p>
    No expenses
  </p>
</div>
`;
