// Jest Snapshot v1, https://goo.gl/fbAQLP

exports[`should render NotFound component correctly 1`] = `
<div>
  <p>
    this is the dashboard
  </p>
  <Connect(ExpenseListFilters) />
  <Connect(ExpenseList) />
</div>
`;
