// Jest Snapshot v1, https://goo.gl/fbAQLP

exports[`should render ExpenseListItem with expense data 1`] = `
<div>
  <h4>
    <Link
      replace={false}
      to="/edit/1"
    >
      rent
    </Link>
  </h4>
  <p>
    150000
     - 
    0
  </p>
</div>
`;
